go test -run none -benchtime=3s -count=1  -bench "Benchmark*" > galois_amd64_bech.log
goos: windows
goarch: amd64
pkg: acceler/pkg/reedsolomon/galois
cpu: 11th Gen Intel(R) Core(TM) i5-11320H @ 3.20GHz
Benchmark_mulVect/go/31-8         	158484193	        22.80 ns/op	1359.88 MB/s
Benchmark_mulVect/smid/31-8       	163822234	        22.30 ns/op	1389.97 MB/s
Benchmark_mulVect/gfni/31-8       	162328526	        22.28 ns/op	1391.29 MB/s

Benchmark_mulVect/go/32-8         	148916988	        23.89 ns/op	1339.68 MB/s
Benchmark_mulVect/smid/32-8       	158213474	        22.87 ns/op	1398.99 MB/s
Benchmark_mulVect/gfni/32-8       	158951527	        22.62 ns/op	1414.68 MB/s

Benchmark_mulVect/go/64-8         	100000000	        33.92 ns/op	1886.94 MB/s
Benchmark_mulVect/smid/64-8       	402184756	         8.932 ns/op	7165.47 MB/s
Benchmark_mulVect/gfni/64-8       	598981630	         6.059 ns/op	10562.71 MB/s

Benchmark_mulVect/go/65-8         	94653645	        34.80 ns/op	1867.93 MB/s
Benchmark_mulVect/smid/65-8       	411266554	         9.268 ns/op	7013.26 MB/s
Benchmark_mulVect/gfni/65-8       	566263528	         6.247 ns/op	10404.91 MB/s

Benchmark_mulVect/go/128-8        	64428301	        55.17 ns/op	2320.29 MB/s
Benchmark_mulVect/smid/128-8      	349693416	        10.72 ns/op	11940.92 MB/s
Benchmark_mulVect/gfni/128-8      	608415501	         6.263 ns/op	20437.34 MB/s

Benchmark_mulVect/go/256-8        	35926708	        97.67 ns/op	2621.11 MB/s
Benchmark_mulVect/smid/256-8      	248172296	        14.46 ns/op	17701.16 MB/s
Benchmark_mulVect/gfni/256-8      	561816865	         6.525 ns/op	39235.48 MB/s

Benchmark_mulVect/go/1492-8       	 6925819	       506.7 ns/op	2944.42 MB/s
Benchmark_mulVect/smid/1492-8     	62237220	        55.71 ns/op	26780.36 MB/s
Benchmark_mulVect/gfni/1492-8     	170164330	        21.97 ns/op	67915.57 MB/s

Benchmark_mulVect/go/1500-8       	 6930538	       514.0 ns/op	2918.34 MB/s
Benchmark_mulVect/smid/1500-8     	61568772	        58.78 ns/op	25516.93 MB/s
Benchmark_mulVect/gfni/1500-8     	133806621	        26.93 ns/op	55693.26 MB/s


Benchmark_mulXorVect/go/31-8      	140230737	        26.00 ns/op	1192.33 MB/s
Benchmark_mulXorVect/smid/31-8    	155247674	        23.63 ns/op	1311.62 MB/s
Benchmark_mulXorVect/gfni/31-8    	194141122	        18.81 ns/op	1648.33 MB/s

Benchmark_mulXorVect/go/32-8      	137241744	        26.73 ns/op	1197.34 MB/s
Benchmark_mulXorVect/smid/32-8    	148028956	        24.04 ns/op	1331.15 MB/s
Benchmark_mulXorVect/gfni/32-8    	184242675	        19.59 ns/op	1633.78 MB/s

Benchmark_mulXorVect/go/64-8      	78303936	        41.63 ns/op	1537.53 MB/s
Benchmark_mulXorVect/smid/64-8    	385103799	         9.744 ns/op	6567.92 MB/s
Benchmark_mulXorVect/gfni/64-8    	552942729	         6.439 ns/op	9939.32 MB/s

Benchmark_mulXorVect/go/65-8      	74967357	        41.12 ns/op	1580.65 MB/s
Benchmark_mulXorVect/smid/65-8    	376152789	         9.784 ns/op	6643.31 MB/s
Benchmark_mulXorVect/gfni/65-8    	538415335	         6.809 ns/op	9545.84 MB/s

Benchmark_mulXorVect/go/128-8     	48941636	        68.62 ns/op	1865.34 MB/s
Benchmark_mulXorVect/smid/128-8   	314180593	        11.74 ns/op	10899.28 MB/s
Benchmark_mulXorVect/gfni/128-8   	490756800	         7.366 ns/op	17377.45 MB/s

Benchmark_mulXorVect/go/256-8     	27791565	       126.0 ns/op	2031.20 MB/s
Benchmark_mulXorVect/smid/256-8   	229377058	        16.58 ns/op	15437.23 MB/s
Benchmark_mulXorVect/gfni/256-8   	492439009	         7.115 ns/op	35981.55 MB/s

Benchmark_mulXorVect/go/1492-8    	 5123809	       677.6 ns/op	2201.86 MB/s
Benchmark_mulXorVect/smid/1492-8  	54769011	        70.10 ns/op	21284.17 MB/s
Benchmark_mulXorVect/gfni/1492-8  	162876970	        22.45 ns/op	66444.53 MB/s

Benchmark_mulXorVect/go/1500-8    	 5088267	       685.7 ns/op	2187.51 MB/s
Benchmark_mulXorVect/smid/1500-8  	50828145	       105.3 ns/op	14249.06 MB/s
Benchmark_mulXorVect/gfni/1500-8  	121871552	        30.46 ns/op	49245.90 MB/s


Benchmark_xorVect/go/31-8         	429030439	         7.441 ns/op	4166.21 MB/s
Benchmark_xorVect/smid16/31-8     	396969927	         8.734 ns/op	3549.26 MB/s

Benchmark_xorVect/go/32-8         	602541015	         6.752 ns/op	4739.59 MB/s
Benchmark_xorVect/smid16/32-8     	712024471	         4.459 ns/op	7175.79 MB/s

Benchmark_xorVect/go/64-8         	352595044	        10.40 ns/op	6152.39 MB/s
Benchmark_xorVect/smid16/64-8     	918408814	         4.203 ns/op	15227.22 MB/s

Benchmark_xorVect/go/65-8         	322062055	        10.54 ns/op	6167.36 MB/s
Benchmark_xorVect/smid16/65-8     	685278447	         4.697 ns/op	13838.35 MB/s

Benchmark_xorVect/go/128-8        	180650196	        21.80 ns/op	5870.46 MB/s
Benchmark_xorVect/smid16/128-8    	745691764	         5.514 ns/op	23213.34 MB/s

Benchmark_xorVect/go/256-8        	65700144	        62.16 ns/op	4118.64 MB/s
Benchmark_xorVect/smid16/256-8    	402160270	         8.908 ns/op	28737.78 MB/s

Benchmark_xorVect/go/1492-8       	15998499	       256.3 ns/op	5822.09 MB/s
Benchmark_xorVect/smid16/1492-8   	82418250	        45.70 ns/op	32647.63 MB/s

Benchmark_xorVect/go/1500-8       	14870496	       260.4 ns/op	5761.37 MB/s
Benchmark_xorVect/smid16/1500-8   	91621704	        44.35 ns/op	33822.10 MB/s


Benchmark_lastIndex/go/31-8       	206164218	        17.24 ns/op	1798.54 MB/s
Benchmark_lastIndex/smid16/31-8   	348124700	         9.634 ns/op	3217.72 MB/s

Benchmark_lastIndex/go/32-8       	208860730	        16.67 ns/op	1919.97 MB/s
Benchmark_lastIndex/smid16/32-8   	735643458	         4.577 ns/op	6990.84 MB/s

Benchmark_lastIndex/go/64-8       	127644487	        27.14 ns/op	2358.28 MB/s
Benchmark_lastIndex/smid16/64-8   	837826956	         4.211 ns/op	15197.39 MB/s

Benchmark_lastIndex/go/65-8       	124185828	        30.29 ns/op	2145.91 MB/s
Benchmark_lastIndex/smid16/65-8   	811408767	         5.057 ns/op	12854.18 MB/s

Benchmark_lastIndex/go/128-8      	76691955	        47.81 ns/op	2677.54 MB/s
Benchmark_lastIndex/smid16/128-8  	636421443	         4.823 ns/op	26539.93 MB/s

Benchmark_lastIndex/go/256-8      	47577322	        82.60 ns/op	3099.31 MB/s
Benchmark_lastIndex/smid16/256-8  	515581665	         6.869 ns/op	37271.36 MB/s

Benchmark_lastIndex/go/1492-8     	 7215082	       453.7 ns/op	3288.79 MB/s
Benchmark_lastIndex/smid16/1492-8 	108120217	        32.05 ns/op	46553.69 MB/s

Benchmark_lastIndex/go/1500-8     	 7461064	       459.1 ns/op	3266.99 MB/s
Benchmark_lastIndex/smid16/1500-8 	100000000	        37.04 ns/op	40492.87 MB/s


PASS
ok  	acceler/pkg/reedsolomon/galois	381.333s
